../motor_control/pmsm/pmsm_float/mc_identification/mid_sm_states.c:319:37:MID_StateHall	0	static
../motor_control/pmsm/pmsm_float/mc_identification/mid_sm_states.c:334:37:MID_StateStop	0	static
../motor_control/pmsm/pmsm_float/mc_identification/mid_sm_states.c:352:37:MID_TransStart2PwrStgCharact	0	static
../motor_control/pmsm/pmsm_float/mc_identification/mid_sm_states.c:376:37:MID_TransStart2Rs	4	static
../motor_control/pmsm/pmsm_float/mc_identification/mid_sm_states.c:399:37:MID_TransStart2Pp	4	static
../motor_control/pmsm/pmsm_float/mc_identification/mid_sm_states.c:420:37:MID_TransStart2Mech	4	static
../motor_control/pmsm/pmsm_float/mc_identification/mid_sm_states.c:446:37:MID_TransStart2Hall	0	static
../motor_control/pmsm/pmsm_float/mc_identification/mid_sm_states.c:467:37:MID_TransPwrStgCharact2Stop	0	static
../motor_control/pmsm/pmsm_float/mc_identification/mid_sm_states.c:482:37:MID_TransRs2Ld	0	static
../motor_control/pmsm/pmsm_float/mc_identification/mid_sm_states.c:507:37:MID_TransLd2Lq	0	static
../motor_control/pmsm/pmsm_float/mc_identification/mid_sm_states.c:532:37:MID_TransLq2Ke	4	static
../motor_control/pmsm/pmsm_float/mc_identification/mid_sm_states.c:603:37:MID_TransAll2Stop	4	static
../motor_control/pmsm/pmsm_float/mc_identification/mid_sm_states.c:291:37:MID_StateMech	16	static
../motor_control/pmsm/pmsm_float/mc_identification/mid_sm_states.c:259:37:MID_StateKe	16	static
../motor_control/pmsm/pmsm_float/mc_identification/mid_sm_states.c:231:37:MID_StatePp	16	static
../motor_control/pmsm/pmsm_float/mc_identification/mid_sm_states.c:200:37:MID_StateLq	16	static
../motor_control/pmsm/pmsm_float/mc_identification/mid_sm_states.c:169:37:MID_StateLd	16	static
../motor_control/pmsm/pmsm_float/mc_identification/mid_sm_states.c:142:37:MID_StateRs	16	static
../motor_control/pmsm/pmsm_float/mc_identification/mid_sm_states.c:122:37:MID_StatePwrStgCharact	8	static
../motor_control/pmsm/pmsm_float/mc_identification/mid_sm_states.c:98:37:MID_StateStart	8	static
../motor_control/pmsm/pmsm_float/mc_identification/mid_sm_states.c:588:37:MID_TransMech2Stop	0	static
../motor_control/pmsm/pmsm_float/mc_identification/mid_sm_states.c:558:37:MID_TransKe2Stop	0	static
../motor_control/pmsm/pmsm_float/mc_identification/mid_sm_states.c:573:37:MID_TransPp2Stop	0	static
