../freemaster/drivers/freemaster_serial_lpuart.c:98:19:_FMSTR_SerialLpuartInit	0	static
../freemaster/drivers/freemaster_serial_lpuart.c:122:13:_FMSTR_SerialLpuartEnableTransmit	0	static
../freemaster/drivers/freemaster_serial_lpuart.c:147:13:_FMSTR_SerialLpuartEnableReceive	0	static
../freemaster/drivers/freemaster_serial_lpuart.c:258:13:_FMSTR_SerialLpuartPutChar	0	static
../freemaster/drivers/freemaster_serial_lpuart.c:268:19:_FMSTR_SerialLpuartGetChar	0	static
../freemaster/drivers/freemaster_serial_lpuart.c:245:19:_FMSTR_SerialLpuartIsTransmitterActive	8	static
../freemaster/drivers/freemaster_serial_lpuart.c:232:19:_FMSTR_SerialLpuartIsReceiveRegFull	8	static
../freemaster/drivers/freemaster_serial_lpuart.c:219:19:_FMSTR_SerialLpuartIsTransmitRegEmpty	8	static
../freemaster/drivers/freemaster_serial_lpuart.c:201:13:_FMSTR_SerialLpuartEnableReceiveInterrupt	0	static
../freemaster/drivers/freemaster_serial_lpuart.c:183:13:_FMSTR_SerialLpuartEnableTransmitCompleteInterrupt	0	static
../freemaster/drivers/freemaster_serial_lpuart.c:165:13:_FMSTR_SerialLpuartEnableTransmitInterrupt	0	static
../freemaster/drivers/freemaster_serial_lpuart.c:278:13:_FMSTR_SerialLpuartFlush	0	static
../freemaster/drivers/freemaster_serial_lpuart.c:287:6:FMSTR_SerialSetBaseAddress	0	static
../freemaster/drivers/freemaster_serial_lpuart.c:305:6:FMSTR_SerialIsr	0	static
