../freemaster/freemaster_pipes.c:501:19:_FMSTR_PipeIToAFinalize	28	static
../freemaster/freemaster_pipes.c:777:19:FMSTR_PipeU16ToA	20	static
../freemaster/freemaster_pipes.c:911:19:FMSTR_PipeU32ToA	20	static
../freemaster/freemaster_pipes.c:1047:20:FMSTR_PipeParseFormat	8	static
../freemaster/freemaster_pipes.c:643:19:FMSTR_PipeU8ToA	28	static
../freemaster/freemaster_pipes.c:191:12:FMSTR_InitPipes	0	static
../freemaster/freemaster_pipes.c:209:13:FMSTR_PipeOpen	32	static
../freemaster/freemaster_pipes.c:283:6:FMSTR_PipeClose	0	static
../freemaster/freemaster_pipes.c:300:17:FMSTR_PipeWrite	32	static
../freemaster/freemaster_pipes.c:376:12:FMSTR_PipePuts	32	static
../freemaster/freemaster_pipes.c:1234:12:FMSTR_PipePrintfU8	48	static
../freemaster/freemaster_pipes.c:1246:12:FMSTR_PipePrintfS8	56	static
../freemaster/freemaster_pipes.c:1258:12:FMSTR_PipePrintfU16	48	static
../freemaster/freemaster_pipes.c:1270:12:FMSTR_PipePrintfS16	48	static
../freemaster/freemaster_pipes.c:1282:12:FMSTR_PipePrintfU32	48	static
../freemaster/freemaster_pipes.c:1294:12:FMSTR_PipePrintfS32	56	static
../freemaster/freemaster_pipes.c:1426:12:FMSTR_PipePrintf	52	static
../freemaster/freemaster_pipes.c:1447:17:FMSTR_PipeRead	24	static
../freemaster/freemaster_pipes.c:1548:13:FMSTR_FindPipeIndex	0	static
../freemaster/freemaster_pipes.c:1737:12:FMSTR_GetPipe	24	static
../freemaster/freemaster_pipes.c:1836:12:FMSTR_PipeFrame	32	static
