../freemaster/freemaster_rec.c:1259:43:_FMSTR_Compare8S	0	static
../freemaster/freemaster_rec.c:1264:43:_FMSTR_Compare8U	0	static
../freemaster/freemaster_rec.c:1269:43:_FMSTR_Compare16S	0	static
../freemaster/freemaster_rec.c:1274:43:_FMSTR_Compare16U	0	static
../freemaster/freemaster_rec.c:1279:43:_FMSTR_Compare32S	0	static
../freemaster/freemaster_rec.c:1284:43:_FMSTR_Compare32U	0	static
../freemaster/freemaster_rec.c:1289:43:_FMSTR_Compare64S	0	static
../freemaster/freemaster_rec.c:1294:43:_FMSTR_Compare64U	0	static
../freemaster/freemaster_rec.c:1300:43:_FMSTR_CompareFloat	0	static
../freemaster/freemaster_rec.c:1305:43:_FMSTR_CompareDouble	0	static
../freemaster/freemaster_rec.c:1153:17:_FMSTR_CheckConfiguration.part.0	12	static
../freemaster/freemaster_rec.c:204:12:FMSTR_InitRec	8	static
../freemaster/freemaster_rec.c:240:12:FMSTR_RecorderCreate	16	static
../freemaster/freemaster_rec.c:304:12:FMSTR_RecorderSetTimeBase	8	static
../freemaster/freemaster_rec.c:326:12:FMSTR_RecorderConfigure	24	static
../freemaster/freemaster_rec.c:443:12:FMSTR_RecorderAddVariable	24	static
../freemaster/freemaster_rec.c:681:12:FMSTR_SetRecCmd	72	static
../freemaster/freemaster_rec.c:810:12:FMSTR_GetRecCmd	24	static
../freemaster/freemaster_rec.c:950:12:FMSTR_RecorderStart	8	static
../freemaster/freemaster_rec.c:971:12:FMSTR_RecorderTrigger	0	static
../freemaster/freemaster_rec.c:992:12:FMSTR_RecorderAbort	0	static
../freemaster/freemaster_rec.c:1121:12:FMSTR_IsInRecBuffer	0	static
../freemaster/freemaster_rec.c:1365:30:FMSTR_Recorder	32	static
