../freemaster/freemaster_utils.c:853:12:FMSTR_UlebEncode.constprop	16	static
../freemaster/freemaster_utils.c:427:41:FMSTR_MemCpyFrom	24	static
../freemaster/freemaster_utils.c:480:17:FMSTR_MemCpyTo	8	static
../freemaster/freemaster_utils.c:412:6:_FMSTR_MemCpy	8	static
../freemaster/freemaster_utils.c:533:17:FMSTR_MemCpyToMasked	24	static
../freemaster/freemaster_utils.c:596:23:FMSTR_CopyToBuffer	16	static
../freemaster/freemaster_utils.c:614:23:FMSTR_CopyFromBuffer	16	static
../freemaster/freemaster_utils.c:632:17:FMSTR_CopyFromBufferWithMask	8	static
../freemaster/freemaster_utils.c:643:23:FMSTR_AddressToBuffer	16	static
../freemaster/freemaster_utils.c:654:23:FMSTR_AddressFromBuffer	16	static
../freemaster/freemaster_utils.c:665:23:FMSTR_SizeToBuffer	16	static
../freemaster/freemaster_utils.c:676:23:FMSTR_SizeFromBuffer	16	static
../freemaster/freemaster_utils.c:687:23:FMSTR_IndexFromBuffer	16	static
../freemaster/freemaster_utils.c:698:12:FMSTR_ULebToBuffer	16	static
../freemaster/freemaster_utils.c:709:12:FMSTR_ULebFromBuffer	16	static
../freemaster/freemaster_utils.c:720:12:FMSTR_ValueFromBuffer16BE	0	static
../freemaster/freemaster_utils.c:732:12:FMSTR_ValueToBuffer16BE	0	static
../freemaster/freemaster_utils.c:748:23:FMSTR_GetAlignmentCorrection	8	static
../freemaster/freemaster_utils.c:837:12:FMSTR_UlebDecode	16	static
../freemaster/freemaster_utils.c:842:12:FMSTR_SlebDecode	20	static
../freemaster/freemaster_utils.c:853:12:FMSTR_UlebEncode	20	static
../freemaster/freemaster_utils.c:959:12:FMSTR_SkipInBufferLeb	0	static
../freemaster/freemaster_utils.c:976:12:FMSTR_StringFromBuffer	4	static
../freemaster/freemaster_utils.c:1000:12:FMSTR_StringCopyToBuffer	0	static
../freemaster/freemaster_utils.c:1017:6:FMSTR_Crc16Init	0	static
../freemaster/freemaster_utils.c:1028:6:FMSTR_Crc16AddByte	0	static
../freemaster/freemaster_utils.c:1052:6:FMSTR_Crc8Init	0	static
../freemaster/freemaster_utils.c:1063:6:FMSTR_Crc8AddByte	0	static
../freemaster/freemaster_utils.c:1087:12:FMSTR_RandomNumbersToBuffer	8	static
../freemaster/freemaster_utils.c:1135:6:FMSTR_Randomize	8	static
../freemaster/freemaster_utils.c:1161:6:_FMSTR_RingBuffCreate	8	static
../freemaster/freemaster_utils.c:1180:6:_FMSTR_RingBuffPut	16	static
../freemaster/freemaster_utils.c:1208:12:_FMSTR_RingBuffGet	8	static
../freemaster/freemaster_utils.c:1237:12:_FMSTR_RingBuffIsSpace	8	static
../freemaster/freemaster_utils.c:1260:12:_FMSTR_RingBuffHasData	8	static
../freemaster/freemaster_utils.c:1298:13:_FMSTR_StrCmp	8	static
../freemaster/freemaster_utils.c:1328:13:_FMSTR_MemCmp	8	static
../freemaster/freemaster_utils.c:1357:12:_FMSTR_StrLen	0	static
../freemaster/freemaster_utils.c:1370:6:_FMSTR_MemSet	8	static
../freemaster/freemaster_utils.c:1379:11:_FMSTR_Rand	8	static
