../motor_control/pmsm/pmsm_float/mc_state_machine/m1_sm_snsless_enc.c:484:37:M1_StateFaultSlow	0	static
../motor_control/pmsm/pmsm_float/mc_state_machine/m1_sm_snsless_enc.c:508:37:M1_StateInitSlow	0	static
../motor_control/pmsm/pmsm_float/mc_state_machine/m1_sm_snsless_enc.c:530:37:M1_StateRunSlow	0	static
../motor_control/pmsm/pmsm_float/mc_state_machine/m1_sm_snsless_enc.c:591:37:M1_TransStopFault	0	static
../motor_control/pmsm/pmsm_float/mc_state_machine/m1_sm_snsless_enc.c:1147:37:M1_StateRunFreewheelFast	0	static
../motor_control/pmsm/pmsm_float/mc_state_machine/m1_sm_snsless_enc.c:1225:37:M1_StateRunStartupSlow	0	static
../motor_control/pmsm/pmsm_float/mc_state_machine/m1_sm_snsless_enc.c:1685:37:M1_ClearFOCVariables	4	static
../motor_control/pmsm/pmsm_float/mc_state_machine/m1_sm_snsless_enc.c:183:37:M1_StateInitFast	24	static
../motor_control/pmsm/pmsm_float/mc_state_machine/m1_sm_snsless_enc.c:1770:37:M1_FaultDetection	8	static
../motor_control/pmsm/pmsm_float/mc_state_machine/m1_sm_snsless_enc.c:417:37:M1_StateRunFast	8	static
../motor_control/pmsm/pmsm_float/mc_state_machine/m1_sm_snsless_enc.c:143:37:M1_StateFaultFast	8	static
../motor_control/pmsm/pmsm_float/mc_state_machine/m1_sm_snsless_enc.c:358:37:M1_StateStopFast	8	static
../motor_control/pmsm/pmsm_float/mc_state_machine/m1_sm_snsless_enc.c:670:37:M1_TransRunStop	8	static
../motor_control/pmsm/pmsm_float/mc_state_machine/m1_sm_snsless_enc.c:639:37:M1_TransRunFault	8	static
../motor_control/pmsm/pmsm_float/mc_state_machine/m1_sm_snsless_enc.c:574:37:M1_TransInitStop	8	static
../motor_control/pmsm/pmsm_float/mc_state_machine/m1_sm_snsless_enc.c:557:37:M1_TransInitFault	8	static
../motor_control/pmsm/pmsm_float/mc_state_machine/m1_sm_snsless_enc.c:923:37:M1_StateRunStartupFast	8	static
../motor_control/pmsm/pmsm_float/mc_state_machine/m1_sm_snsless_enc.c:879:37:M1_StateRunAlignFast	16	static
../motor_control/pmsm/pmsm_float/mc_state_machine/m1_sm_snsless_enc.c:1340:37:M1_StateRunFreewheelSlow	8	static
../motor_control/pmsm/pmsm_float/mc_state_machine/m1_sm_snsless_enc.c:697:37:M1_StateRunCalibFast	8	static
../motor_control/pmsm/pmsm_float/mc_state_machine/m1_sm_snsless_enc.c:1165:37:M1_StateRunCalibSlow	16	static
../motor_control/pmsm/pmsm_float/mc_state_machine/m1_sm_snsless_enc.c:605:37:M1_TransStopRun	16	static
../motor_control/pmsm/pmsm_float/mc_state_machine/m1_sm_snsless_enc.c:720:37:M1_StateRunMeasureFast	16	static
../motor_control/pmsm/pmsm_float/mc_state_machine/m1_sm_snsless_enc.c:1214:37:M1_StateRunAlignSlow	0	static
../motor_control/pmsm/pmsm_float/mc_state_machine/m1_sm_snsless_enc.c:519:37:M1_StateStopSlow	0	static
../motor_control/pmsm/pmsm_float/mc_state_machine/m1_sm_snsless_enc.c:1192:37:M1_StateRunMeasureSlow	0	static
../motor_control/pmsm/pmsm_float/mc_state_machine/m1_sm_snsless_enc.c:1203:37:M1_StateRunReadySlow	0	static
../motor_control/pmsm/pmsm_float/mc_state_machine/m1_sm_snsless_enc.c:796:37:M1_StateRunReadyFast	8	static
../motor_control/pmsm/pmsm_float/mc_state_machine/m1_sm_snsless_enc.c:1023:37:M1_StateRunSpinFast	16	static
../motor_control/pmsm/pmsm_float/mc_state_machine/m1_sm_snsless_enc.c:1256:37:M1_StateRunSpinSlow	8	static
../motor_control/pmsm/pmsm_float/mc_state_machine/m1_sm_snsless_enc.c:543:37:M1_TransFaultStop	4	static
../motor_control/pmsm/pmsm_float/mc_state_machine/m1_sm_snsless_enc.c:1861:30:M1_SetAppSwitch	0	static
../motor_control/pmsm/pmsm_float/mc_state_machine/m1_sm_snsless_enc.c:1873:8:M1_GetAppSwitch	0	static
../motor_control/pmsm/pmsm_float/mc_state_machine/m1_sm_snsless_enc.c:1885:10:M1_GetAppState	0	static
../motor_control/pmsm/pmsm_float/mc_state_machine/m1_sm_snsless_enc.c:1897:6:M1_SetSpeed	0	static
../motor_control/pmsm/pmsm_float/mc_state_machine/m1_sm_snsless_enc.c:1929:6:M1_SetPosition	0	static
../motor_control/pmsm/pmsm_float/mc_state_machine/m1_sm_snsless_enc.c:1950:9:M1_GetSpeed	0	static
