../component/serial_manager/fsl_component_serial_manager.c:1077:25:SerialManager_Init	16	static
../component/serial_manager/fsl_component_serial_manager.c:1228:25:SerialManager_Deinit	16	static
../component/serial_manager/fsl_component_serial_manager.c:1295:25:SerialManager_OpenWriteHandle	16	static
../component/serial_manager/fsl_component_serial_manager.c:1332:25:SerialManager_CloseWriteHandle	8	static
../component/serial_manager/fsl_component_serial_manager.c:1363:25:SerialManager_OpenReadHandle	24	static
../component/serial_manager/fsl_component_serial_manager.c:1403:25:SerialManager_CloseReadHandle	8	static
../component/serial_manager/fsl_component_serial_manager.c:1432:25:SerialManager_WriteBlocking	4	static
../component/serial_manager/fsl_component_serial_manager.c:1441:25:SerialManager_ReadBlocking	4	static
../component/serial_manager/fsl_component_serial_manager.c:1657:25:SerialManager_EnterLowpower	0	static
../component/serial_manager/fsl_component_serial_manager.c:1696:25:SerialManager_ExitLowpower	0	static
